[2026-10-06T05:24:46.378Z][INFO] Command-line: /home/smugbab/Unity/Hub/Editor/6000.5.3f1/Editor/Data/Resources/PackageManager/Server/UnityPackageManager server -s 96413 --ipc-path /tmp/Unity-Upm-96413.sock -l 2 --log-file /home/smugbab/Desktop/Projects/TabletGames/Logs/upm.log
[2026-10-06T05:24:46.413Z][INFO] IPC server started (IPC path=/tmp/Unity-Upm-96413.sock).
[2026-10-06T05:24:46.413Z][INFO] Hint: To connect to this UPM instance, launch Unity with the command-line parameter -upmIpcPath Upm-96413.
[2026-10-06T05:24:48.073Z][INFO] project:list-packages <-- Request received
params: {}
[2026-10-06T05:24:48.076Z][INFO] project:list-packages --> 404 (3 ms)
[2026-10-06T05:24:48.082Z][INFO] project:list-packages <-- Request received
params: {}
[2026-10-06T05:24:48.083Z][INFO] project:list-packages --> 404 (1 ms)
[2026-10-06T05:24:48.295Z][INFO] project:list-packages <-- Request received
params: {}
[2026-10-06T05:24:48.296Z][INFO] project:list-packages --> 404 (1 ms)
[2026-10-06T05:24:48.305Z][INFO] config:project:get-registries <-- Request received
params: {}
[2026-10-06T05:24:48.306Z][INFO] config:project:get-registries --> 404 (1 ms)
[2026-10-06T05:24:48.387Z][INFO] project:update-dependencies <-- Request received
params: {}
[2026-10-06T05:24:48.428Z][INFO] project:update-dependencies --> 200 (40 ms)
[2026-10-06T05:24:48.457Z][INFO] project:resolve-packages <-- Request received
params: {}
[2026-10-06T05:24:49.467Z][INFO] project:resolve-packages --> 200 (1010 ms)
[2026-10-06T05:24:55.911Z][INFO] project:list-packages <-- Request received
params: {}
[2026-10-06T05:24:55.959Z][INFO] project:list-packages <-- Request received
params: {}
[2026-10-06T05:24:55.970Z][INFO] project:list-packages --> 200 (59 ms)
[2026-10-06T05:24:56.002Z][INFO] project:list-packages --> 200 (43 ms)
[2026-10-06T05:24:56.033Z][INFO] config:project:get-registries <-- Request received
params: {}
[2026-10-06T05:24:56.036Z][INFO] config:project:get-registries --> 200 (3 ms)
[2026-10-06T05:24:59.901Z][INFO] project:list-packages <-- Request received
params: {}
[2026-10-06T05:24:59.936Z][INFO] project:list-packages --> 200 (36 ms)
[2026-10-06T05:31:56.674Z][INFO] project:list-packages <-- Request received
params: {}
[2026-10-06T05:31:56.726Z][INFO] project:list-packages --> 200 (52 ms)
[2026-10-06T05:31:56.755Z][INFO] config:project:get-registries <-- Request received
params: {}
[2026-10-06T05:31:56.758Z][INFO] config:project:get-registries --> 200 (3 ms)
[2026-10-06T05:32:08.700Z][INFO] project:list-packages <-- Request received
params: {}
[2026-10-06T05:32:08.742Z][INFO] project:list-packages --> 200 (43 ms)
[2026-10-06T05:32:08.781Z][INFO] config:project:get-registries <-- Request received
params: {}
[2026-10-06T05:32:08.783Z][INFO] config:project:get-registries --> 200 (2 ms)
[2026-10-06T05:33:07.525Z][INFO] project:list-packages <-- Request received
params: {}
[2026-10-06T05:33:07.565Z][INFO] project:list-packages --> 200 (40 ms)
[2026-10-06T05:33:07.596Z][INFO] config:project:get-registries <-- Request received
params: {}
[2026-10-06T05:33:07.599Z][INFO] config:project:get-registries --> 200 (3 ms)
[2026-10-06T05:33:38.963Z][INFO] project:list-packages <-- Request received
params: {}
[2026-10-06T05:33:39.009Z][INFO] project:list-packages --> 200 (46 ms)
[2026-10-06T05:33:39.044Z][INFO] config:project:get-registries <-- Request received
params: {}
[2026-10-06T05:33:39.046Z][INFO] config:project:get-registries --> 200 (2 ms)
[2026-10-06T05:33:59.901Z][INFO] project:list-packages <-- Request received
params: {}
[2026-10-06T05:33:59.944Z][INFO] project:list-packages --> 200 (43 ms)
[2026-10-06T05:33:59.982Z][INFO] config:project:get-registries <-- Request received
params: {}
[2026-10-06T05:33:59.984Z][INFO] config:project:get-registries --> 200 (2 ms)
[2026-10-06T05:34:23.091Z][INFO] project:list-packages <-- Request received
params: {}
[2026-10-06T05:34:23.133Z][INFO] project:list-packages --> 200 (42 ms)
[2026-10-06T05:34:23.173Z][INFO] config:project:get-registries <-- Request received
params: {}
[2026-10-06T05:34:23.176Z][INFO] config:project:get-registries --> 200 (3 ms)
[2026-10-06T05:36:05.804Z][INFO] project:list-packages <-- Request received
params: {}
[2026-10-06T05:36:05.846Z][INFO] project:list-packages --> 200 (42 ms)
[2026-10-06T05:36:05.875Z][INFO] config:project:get-registries <-- Request received
params: {}
[2026-10-06T05:36:05.878Z][INFO] config:project:get-registries --> 200 (3 ms)
[2026-10-06T05:36:19.132Z][INFO] project:list-packages <-- Request received
params: {}
[2026-10-06T05:36:19.175Z][INFO] project:list-packages --> 200 (44 ms)
[2026-10-06T05:36:19.213Z][INFO] config:project:get-registries <-- Request received
params: {}
[2026-10-06T05:36:19.215Z][INFO] config:project:get-registries --> 200 (2 ms)
[2026-10-06T05:36:49.566Z][INFO] project:list-packages <-- Request received
params: {}
[2026-10-06T05:36:49.603Z][INFO] project:list-packages --> 200 (37 ms)
[2026-10-06T05:36:49.647Z][INFO] config:project:get-registries <-- Request received
params: {}
[2026-10-06T05:36:49.649Z][INFO] config:project:get-registries --> 200 (2 ms)
[2026-10-06T05:37:43.792Z][INFO] project:list-packages <-- Request received
params: {}
[2026-10-06T05:37:43.831Z][INFO] project:list-packages --> 200 (40 ms)
[2026-10-06T05:37:43.873Z][INFO] config:project:get-registries <-- Request received
params: {}
[2026-10-06T05:37:43.876Z][INFO] config:project:get-registries --> 200 (3 ms)
[2026-10-06T05:43:47.951Z][INFO] project:list-packages <-- Request received
params: {}
[2026-10-06T05:43:47.995Z][INFO] project:list-packages --> 200 (44 ms)
[2026-10-06T05:43:48.022Z][INFO] config:project:get-registries <-- Request received
params: {}
[2026-10-06T05:43:48.025Z][INFO] config:project:get-registries --> 200 (3 ms)
[2026-10-06T05:45:18.170Z][INFO] project:list-packages <-- Request received
params: {}
[2026-10-06T05:45:18.207Z][INFO] project:list-packages --> 200 (37 ms)
[2026-10-06T05:45:18.251Z][INFO] config:project:get-registries <-- Request received
params: {}
[2026-10-06T05:45:18.253Z][INFO] config:project:get-registries --> 200 (2 ms)
[2026-10-06T05:45:23.187Z][INFO] project:list-packages <-- Request received
params: {}
[2026-10-06T05:45:23.221Z][INFO] project:list-packages --> 200 (35 ms)
[2026-10-06T05:45:23.267Z][INFO] config:project:get-registries <-- Request received
params: {}
[2026-10-06T05:45:23.271Z][INFO] config:project:get-registries --> 200 (4 ms)
[2026-10-06T05:47:26.452Z][INFO] project:list-packages <-- Request received
params: {}
[2026-10-06T05:47:26.500Z][INFO] project:list-packages --> 200 (48 ms)
[2026-10-06T05:47:26.543Z][INFO] config:project:get-registries <-- Request received
params: {}
[2026-10-06T05:47:26.546Z][INFO] config:project:get-registries --> 200 (3 ms)
[2026-10-06T05:54:28.232Z][INFO] project:list-packages <-- Request received
params: {}
[2026-10-06T05:54:28.273Z][INFO] project:list-packages --> 200 (41 ms)
[2026-10-06T05:54:28.313Z][INFO] config:project:get-registries <-- Request received
params: {}
[2026-10-06T05:54:28.315Z][INFO] config:project:get-registries --> 200 (2 ms)
[2026-10-06T05:54:36.312Z][INFO] project:list-packages <-- Request received
params: {}
[2026-10-06T05:54:36.346Z][INFO] project:list-packages --> 200 (34 ms)
[2026-10-06T05:54:36.383Z][INFO] config:project:get-registries <-- Request received
params: {}
[2026-10-06T05:54:36.385Z][INFO] config:project:get-registries --> 200 (2 ms)
[2026-10-06T05:56:09.318Z][INFO] project:list-packages <-- Request received
params: {}
[2026-10-06T05:56:09.351Z][INFO] project:list-packages --> 200 (33 ms)
[2026-10-06T05:56:09.400Z][INFO] config:project:get-registries <-- Request received
params: {}
[2026-10-06T05:56:09.403Z][INFO] config:project:get-registries --> 200 (4 ms)
[2026-10-06T05:56:19.735Z][INFO] project:list-packages <-- Request received
params: {}
[2026-10-06T05:56:19.776Z][INFO] project:list-packages --> 200 (41 ms)
[2026-10-06T05:56:19.806Z][INFO] config:project:get-registries <-- Request received
params: {}
[2026-10-06T05:56:19.810Z][INFO] config:project:get-registries --> 200 (4 ms)
[2026-10-06T05:57:05.583Z][INFO] project:list-packages <-- Request received
params: {}
[2026-10-06T05:57:05.630Z][INFO] project:list-packages --> 200 (47 ms)
[2026-10-06T05:57:05.664Z][INFO] config:project:get-registries <-- Request received
params: {}
[2026-10-06T05:57:05.668Z][INFO] config:project:get-registries --> 200 (4 ms)
[2026-10-06T05:59:06.708Z][INFO] project:list-packages <-- Request received
params: {}
[2026-10-06T05:59:06.748Z][INFO] project:list-packages --> 200 (40 ms)
[2026-10-06T05:59:06.789Z][INFO] config:project:get-registries <-- Request received
params: {}
[2026-10-06T05:59:06.792Z][INFO] config:project:get-registries --> 200 (3 ms)
[2026-10-06T05:59:10.865Z][INFO] project:list-packages <-- Request received
params: {}
[2026-10-06T05:59:10.905Z][INFO] project:list-packages --> 200 (40 ms)
[2026-10-06T05:59:10.946Z][INFO] config:project:get-registries <-- Request received
params: {}
[2026-10-06T05:59:10.948Z][INFO] config:project:get-registries --> 200 (2 ms)
[2026-10-06T06:02:21.806Z][INFO] project:list-packages <-- Request received
params: {}
[2026-10-06T06:02:21.845Z][INFO] project:list-packages --> 200 (40 ms)
[2026-10-06T06:02:21.887Z][INFO] config:project:get-registries <-- Request received
params: {}
[2026-10-06T06:02:21.890Z][INFO] config:project:get-registries --> 200 (3 ms)
[2026-10-06T06:02:41.863Z][INFO] project:list-packages <-- Request received
params: {}
[2026-10-06T06:02:41.907Z][INFO] project:list-packages --> 200 (44 ms)
[2026-10-06T06:02:41.944Z][INFO] config:project:get-registries <-- Request received
params: {}
[2026-10-06T06:02:41.946Z][INFO] config:project:get-registries --> 200 (2 ms)
[2026-10-06T06:02:51.721Z][INFO] project:list-packages <-- Request received
params: {}
[2026-10-06T06:02:51.759Z][INFO] project:list-packages --> 200 (38 ms)
[2026-10-06T06:02:51.792Z][INFO] config:project:get-registries <-- Request received
params: {}
[2026-10-06T06:02:51.794Z][INFO] config:project:get-registries --> 200 (2 ms)
[2026-10-06T06:03:09.542Z][INFO] project:list-packages <-- Request received
params: {}
[2026-10-06T06:03:09.577Z][INFO] project:list-packages --> 200 (35 ms)
[2026-10-06T06:03:09.623Z][INFO] config:project:get-registries <-- Request received
params: {}
[2026-10-06T06:03:09.626Z][INFO] config:project:get-registries --> 200 (3 ms)
[2026-10-06T06:04:18.841Z][INFO] project:list-packages <-- Request received
params: {}
[2026-10-06T06:04:18.883Z][INFO] project:list-packages --> 200 (42 ms)
[2026-10-06T06:04:18.922Z][INFO] config:project:get-registries <-- Request received
params: {}
[2026-10-06T06:04:18.927Z][INFO] config:project:get-registries --> 200 (5 ms)
[2026-10-06T06:04:42.143Z][INFO] project:list-packages <-- Request received
params: {}
[2026-10-06T06:04:42.184Z][INFO] project:list-packages --> 200 (41 ms)
[2026-10-06T06:04:42.224Z][INFO] config:project:get-registries <-- Request received
params: {}
[2026-10-06T06:04:42.226Z][INFO] config:project:get-registries --> 200 (2 ms)
[2026-10-06T06:05:16.056Z][INFO] project:list-packages <-- Request received
params: {}
[2026-10-06T06:05:16.092Z][INFO] project:list-packages --> 200 (36 ms)
[2026-10-06T06:05:16.137Z][INFO] config:project:get-registries <-- Request received
params: {}
[2026-10-06T06:05:16.139Z][INFO] config:project:get-registries --> 200 (2 ms)
[2026-10-06T06:07:08.492Z][INFO] project:list-packages <-- Request received
params: {}
[2026-10-06T06:07:08.528Z][INFO] project:list-packages --> 200 (36 ms)
[2026-10-06T06:07:08.573Z][INFO] config:project:get-registries <-- Request received
params: {}
[2026-10-06T06:07:08.577Z][INFO] config:project:get-registries --> 200 (4 ms)
[2026-10-06T06:07:15.845Z][INFO] project:list-packages <-- Request received
params: {}
[2026-10-06T06:07:15.887Z][INFO] project:list-packages --> 200 (42 ms)
[2026-10-06T06:07:15.926Z][INFO] config:project:get-registries <-- Request received
params: {}
[2026-10-06T06:07:15.928Z][INFO] config:project:get-registries --> 200 (2 ms)
[2026-10-06T06:09:32.634Z][INFO] project:list-packages <-- Request received
params: {}
[2026-10-06T06:09:32.670Z][INFO] project:list-packages --> 200 (36 ms)
[2026-10-06T06:09:32.705Z][INFO] config:project:get-registries <-- Request received
params: {}
[2026-10-06T06:09:32.707Z][INFO] config:project:get-registries --> 200 (2 ms)
[2026-10-06T06:09:50.391Z][INFO] project:list-packages <-- Request received
params: {}
[2026-10-06T06:09:50.427Z][INFO] project:list-packages --> 200 (35 ms)
[2026-10-06T06:09:50.472Z][INFO] config:project:get-registries <-- Request received
params: {}
[2026-10-06T06:09:50.476Z][INFO] config:project:get-registries --> 200 (4 ms)
[2026-10-06T06:10:55.933Z][INFO] project:list-packages <-- Request received
params: {}
[2026-10-06T06:10:55.973Z][INFO] project:list-packages --> 200 (40 ms)
[2026-10-06T06:10:56.014Z][INFO] config:project:get-registries <-- Request received
params: {}
[2026-10-06T06:10:56.017Z][INFO] config:project:get-registries --> 200 (3 ms)
[2026-10-06T06:11:06.231Z][INFO] project:list-packages <-- Request received
params: {}
[2026-10-06T06:11:06.267Z][INFO] project:list-packages --> 200 (37 ms)
[2026-10-06T06:11:06.312Z][INFO] config:project:get-registries <-- Request received
params: {}
[2026-10-06T06:11:06.314Z][INFO] config:project:get-registries --> 200 (2 ms)
[2026-10-06T06:11:59.780Z][INFO] project:list-packages <-- Request received
params: {}
[2026-10-06T06:11:59.814Z][INFO] project:list-packages --> 200 (34 ms)
[2026-10-06T06:11:59.851Z][INFO] config:project:get-registries <-- Request received
params: {}
[2026-10-06T06:11:59.855Z][INFO] config:project:get-registries --> 200 (4 ms)
[2026-10-06T06:12:17.589Z][INFO] project:list-packages <-- Request received
params: {}
[2026-10-06T06:12:17.629Z][INFO] project:list-packages --> 200 (41 ms)
[2026-10-06T06:12:17.670Z][INFO] config:project:get-registries <-- Request received
params: {}
[2026-10-06T06:12:17.672Z][INFO] config:project:get-registries --> 200 (3 ms)
[2026-10-06T06:16:22.933Z][INFO] project:list-packages <-- Request received
params: {}
[2026-10-06T06:16:22.968Z][INFO] project:list-packages --> 200 (35 ms)
[2026-10-06T06:16:23.014Z][INFO] config:project:get-registries <-- Request received
params: {}
[2026-10-06T06:16:23.016Z][INFO] config:project:get-registries --> 200 (2 ms)
[2026-10-06T06:16:28.618Z][INFO] project:list-packages <-- Request received
params: {}
[2026-10-06T06:16:28.652Z][INFO] project:list-packages --> 200 (34 ms)
[2026-10-06T06:16:28.699Z][INFO] config:project:get-registries <-- Request received
params: {}
[2026-10-06T06:16:28.703Z][INFO] config:project:get-registries --> 200 (4 ms)
[2026-10-06T06:16:58.503Z][INFO] project:list-packages <-- Request received
params: {}
[2026-10-06T06:16:58.542Z][INFO] project:list-packages --> 200 (39 ms)
[2026-10-06T06:16:58.584Z][INFO] config:project:get-registries <-- Request received
params: {}
[2026-10-06T06:16:58.586Z][INFO] config:project:get-registries --> 200 (2 ms)
[2026-10-06T06:17:31.009Z][INFO] project:list-packages <-- Request received
params: {}
[2026-10-06T06:17:31.048Z][INFO] project:list-packages --> 200 (39 ms)
[2026-10-06T06:17:31.100Z][INFO] config:project:get-registries <-- Request received
params: {}
[2026-10-06T06:17:31.103Z][INFO] config:project:get-registries --> 200 (3 ms)
[2026-10-06T06:18:05.052Z][INFO] project:list-packages <-- Request received
params: {}
[2026-10-06T06:18:05.090Z][INFO] project:list-packages --> 200 (38 ms)
[2026-10-06T06:18:05.143Z][INFO] config:project:get-registries <-- Request received
params: {}
[2026-10-06T06:18:05.146Z][INFO] config:project:get-registries --> 200 (3 ms)
[2026-10-06T06:19:53.606Z][INFO] project:list-packages <-- Request received
params: {}
[2026-10-06T06:19:53.650Z][INFO] project:list-packages --> 200 (44 ms)
[2026-10-06T06:19:53.687Z][INFO] config:project:get-registries <-- Request received
params: {}
[2026-10-06T06:19:53.690Z][INFO] config:project:get-registries --> 200 (3 ms)
[2026-10-06T06:20:12.988Z][INFO] project:list-packages <-- Request received
params: {}
[2026-10-06T06:20:13.027Z][INFO] project:list-packages --> 200 (39 ms)
[2026-10-06T06:20:13.069Z][INFO] config:project:get-registries <-- Request received
params: {}
[2026-10-06T06:20:13.071Z][INFO] config:project:get-registries --> 200 (2 ms)
[2026-10-06T06:20:38.624Z][INFO] project:list-packages <-- Request received
params: {}
[2026-10-06T06:20:38.659Z][INFO] project:list-packages --> 200 (35 ms)
[2026-10-06T06:20:38.705Z][INFO] config:project:get-registries <-- Request received
params: {}
[2026-10-06T06:20:38.707Z][INFO] config:project:get-registries --> 200 (2 ms)
[2026-10-06T06:21:20.479Z][INFO] project:list-packages <-- Request received
params: {}
[2026-10-06T06:21:20.514Z][INFO] project:list-packages --> 200 (35 ms)
[2026-10-06T06:21:20.570Z][INFO] config:project:get-registries <-- Request received
params: {}
[2026-10-06T06:21:20.574Z][INFO] config:project:get-registries --> 200 (4 ms)
[2026-10-06T06:21:46.159Z][INFO] project:list-packages <-- Request received
params: {}
[2026-10-06T06:21:46.197Z][INFO] project:list-packages --> 200 (38 ms)
[2026-10-06T06:21:46.240Z][INFO] config:project:get-registries <-- Request received
params: {}
[2026-10-06T06:21:46.243Z][INFO] config:project:get-registries --> 200 (3 ms)
[2026-10-06T06:22:20.121Z][INFO] project:list-packages <-- Request received
params: {}
[2026-10-06T06:22:20.159Z][INFO] project:list-packages --> 200 (38 ms)
[2026-10-06T06:22:20.212Z][INFO] config:project:get-registries <-- Request received
params: {}
[2026-10-06T06:22:20.215Z][INFO] config:project:get-registries --> 200 (3 ms)
[2026-10-06T06:25:32.450Z][INFO] project:list-packages <-- Request received
params: {}
[2026-10-06T06:25:32.486Z][INFO] project:list-packages --> 200 (36 ms)
[2026-10-06T06:25:32.531Z][INFO] config:project:get-registries <-- Request received
params: {}
[2026-10-06T06:25:32.534Z][INFO] config:project:get-registries --> 200 (3 ms)
[2026-10-06T06:25:39.164Z][INFO] project:list-packages <-- Request received
params: {}
[2026-10-06T06:25:39.200Z][INFO] project:list-packages --> 200 (36 ms)
[2026-10-06T06:25:39.245Z][INFO] config:project:get-registries <-- Request received
params: {}
[2026-10-06T06:25:39.249Z][INFO] config:project:get-registries --> 200 (4 ms)
[2026-10-06T06:27:09.318Z][INFO] project:list-packages <-- Request received
params: {}
[2026-10-06T06:27:09.360Z][INFO] project:list-packages --> 200 (42 ms)
[2026-10-06T06:27:09.399Z][INFO] config:project:get-registries <-- Request received
params: {}
[2026-10-06T06:27:09.402Z][INFO] config:project:get-registries --> 200 (3 ms)
[2026-10-06T06:27:26.757Z][INFO] project:list-packages <-- Request received
params: {}
[2026-10-06T06:27:26.793Z][INFO] project:list-packages --> 200 (36 ms)
[2026-10-06T06:27:26.838Z][INFO] config:project:get-registries <-- Request received
params: {}
[2026-10-06T06:27:26.841Z][INFO] config:project:get-registries --> 200 (3 ms)
[2026-10-06T06:28:00.990Z][INFO] project:list-packages <-- Request received
params: {}
[2026-10-06T06:28:01.025Z][INFO] project:list-packages --> 200 (35 ms)
[2026-10-06T06:28:01.081Z][INFO] config:project:get-registries <-- Request received
params: {}
[2026-10-06T06:28:01.084Z][INFO] config:project:get-registries --> 200 (3 ms)
[2026-10-06T06:30:07.203Z][INFO] project:list-packages <-- Request received
params: {}
[2026-10-06T06:30:07.246Z][INFO] project:list-packages --> 200 (43 ms)
[2026-10-06T06:30:07.294Z][INFO] config:project:get-registries <-- Request received
params: {}
[2026-10-06T06:30:07.297Z][INFO] config:project:get-registries --> 200 (3 ms)
[2026-10-06T06:33:28.990Z][INFO] project:list-packages <-- Request received
params: {}
[2026-10-06T06:33:29.031Z][INFO] project:list-packages --> 200 (41 ms)
[2026-10-06T06:33:29.092Z][INFO] config:project:get-registries <-- Request received
params: {}
[2026-10-06T06:33:29.094Z][INFO] config:project:get-registries --> 200 (2 ms)
[2026-10-06T06:34:25.193Z][INFO] project:list-packages <-- Request received
params: {}
[2026-10-06T06:34:25.228Z][INFO] project:list-packages --> 200 (35 ms)
[2026-10-06T06:34:25.274Z][INFO] config:project:get-registries <-- Request received
params: {}
[2026-10-06T06:34:25.277Z][INFO] config:project:get-registries --> 200 (3 ms)
[2026-10-06T06:35:51.407Z][INFO] project:list-packages <-- Request received
params: {}
[2026-10-06T06:35:51.451Z][INFO] project:list-packages --> 200 (44 ms)
[2026-10-06T06:35:51.488Z][INFO] config:project:get-registries <-- Request received
params: {}
[2026-10-06T06:35:51.492Z][INFO] config:project:get-registries --> 200 (4 ms)
[2026-10-06T06:36:47.921Z][INFO] project:list-packages <-- Request received
params: {}
[2026-10-06T06:36:47.960Z][INFO] project:list-packages --> 200 (39 ms)
[2026-10-06T06:36:48.002Z][INFO] config:project:get-registries <-- Request received
params: {}
[2026-10-06T06:36:48.005Z][INFO] config:project:get-registries --> 200 (3 ms)
[2026-10-06T06:38:01.957Z][INFO] project:list-packages <-- Request received
params: {}
[2026-10-06T06:38:01.996Z][INFO] project:list-packages --> 200 (39 ms)
[2026-10-06T06:38:02.038Z][INFO] config:project:get-registries <-- Request received
params: {}
[2026-10-06T06:38:02.042Z][INFO] config:project:get-registries --> 200 (4 ms)
[2026-10-06T06:39:11.019Z][INFO] project:list-packages <-- Request received
params: {}
[2026-10-06T06:39:11.053Z][INFO] project:list-packages --> 200 (34 ms)
[2026-10-06T06:39:11.100Z][INFO] config:project:get-registries <-- Request received
params: {}
[2026-10-06T06:39:11.103Z][INFO] config:project:get-registries --> 200 (3 ms)
[2026-10-06T06:39:45.106Z][INFO] project:list-packages <-- Request received
params: {}
[2026-10-06T06:39:45.140Z][INFO] project:list-packages --> 200 (34 ms)
[2026-10-06T06:39:45.187Z][INFO] config:project:get-registries <-- Request received
params: {}
[2026-10-06T06:39:45.190Z][INFO] config:project:get-registries --> 200 (3 ms)
[2026-10-06T06:40:19.412Z][INFO] project:list-packages <-- Request received
params: {}
[2026-10-06T06:40:19.450Z][INFO] project:list-packages --> 200 (38 ms)
[2026-10-06T06:40:19.493Z][INFO] config:project:get-registries <-- Request received
params: {}
[2026-10-06T06:40:19.496Z][INFO] config:project:get-registries --> 200 (3 ms)
[2026-10-06T06:41:35.838Z][INFO] project:list-packages <-- Request received
params: {}
[2026-10-06T06:41:35.873Z][INFO] project:list-packages --> 200 (35 ms)
[2026-10-06T06:41:35.919Z][INFO] config:project:get-registries <-- Request received
params: {}
[2026-10-06T06:41:35.922Z][INFO] config:project:get-registries --> 200 (3 ms)
[2026-10-06T06:43:50.914Z][INFO] project:list-packages <-- Request received
params: {}
[2026-10-06T06:43:50.949Z][INFO] project:list-packages --> 200 (35 ms)
[2026-10-06T06:43:50.995Z][INFO] config:project:get-registries <-- Request received
params: {}
[2026-10-06T06:43:50.999Z][INFO] config:project:get-registries --> 200 (4 ms)
[2026-10-06T06:44:30.090Z][INFO] project:list-packages <-- Request received
params: {}
[2026-10-06T06:44:30.131Z][INFO] project:list-packages --> 200 (41 ms)
[2026-10-06T06:44:30.181Z][INFO] config:project:get-registries <-- Request received
params: {}
[2026-10-06T06:44:30.184Z][INFO] config:project:get-registries --> 200 (3 ms)
[2026-10-06T06:47:04.389Z][INFO] project:list-packages <-- Request received
params: {}
[2026-10-06T06:47:04.424Z][INFO] project:list-packages --> 200 (34 ms)
[2026-10-06T06:47:04.470Z][INFO] config:project:get-registries <-- Request received
params: {}
[2026-10-06T06:47:04.473Z][INFO] config:project:get-registries --> 200 (3 ms)
[2026-10-06T06:47:11.590Z][INFO] project:list-packages <-- Request received
params: {}
[2026-10-06T06:47:11.625Z][INFO] project:list-packages --> 200 (35 ms)
[2026-10-06T06:47:11.671Z][INFO] config:project:get-registries <-- Request received
params: {}
[2026-10-06T06:47:11.675Z][INFO] config:project:get-registries --> 200 (4 ms)
[2026-10-06T06:47:36.057Z][INFO] project:list-packages <-- Request received
params: {}
[2026-10-06T06:47:36.097Z][INFO] project:list-packages --> 200 (40 ms)
[2026-10-06T06:47:36.138Z][INFO] config:project:get-registries <-- Request received
params: {}
[2026-10-06T06:47:36.140Z][INFO] config:project:get-registries --> 200 (2 ms)
[2026-10-06T06:49:01.028Z][INFO] project:list-packages <-- Request received
params: {}
[2026-10-06T06:49:01.067Z][INFO] project:list-packages --> 200 (39 ms)
[2026-10-06T06:49:01.109Z][INFO] config:project:get-registries <-- Request received
params: {}
[2026-10-06T06:49:01.113Z][INFO] config:project:get-registries --> 200 (4 ms)
[2026-10-06T06:50:06.479Z][INFO] project:list-packages <-- Request received
params: {}
[2026-10-06T06:50:06.517Z][INFO] project:list-packages --> 200 (38 ms)
[2026-10-06T06:50:06.570Z][INFO] config:project:get-registries <-- Request received
params: {}
[2026-10-06T06:50:06.574Z][INFO] config:project:get-registries --> 200 (4 ms)
[2026-10-06T06:50:15.773Z][INFO] project:list-packages <-- Request received
params: {}
[2026-10-06T06:50:15.813Z][INFO] project:list-packages --> 200 (40 ms)
[2026-10-06T06:50:15.854Z][INFO] config:project:get-registries <-- Request received
params: {}
[2026-10-06T06:50:15.858Z][INFO] config:project:get-registries --> 200 (4 ms)
[2026-10-06T06:50:49.042Z][INFO] project:list-packages <-- Request received
params: {}
[2026-10-06T06:50:49.082Z][INFO] project:list-packages --> 200 (40 ms)
[2026-10-06T06:50:49.133Z][INFO] config:project:get-registries <-- Request received
params: {}
[2026-10-06T06:50:49.135Z][INFO] config:project:get-registries --> 200 (2 ms)
[2026-10-06T06:51:23.460Z][INFO] project:list-packages <-- Request received
params: {}
[2026-10-06T06:51:23.496Z][INFO] project:list-packages --> 200 (36 ms)
[2026-10-06T06:51:23.541Z][INFO] config:project:get-registries <-- Request received
params: {}
[2026-10-06T06:51:23.543Z][INFO] config:project:get-registries --> 200 (2 ms)
[2026-10-06T06:51:40.797Z][INFO] project:list-packages <-- Request received
params: {}
[2026-10-06T06:51:40.830Z][INFO] project:list-packages --> 200 (33 ms)
[2026-10-06T06:51:40.878Z][INFO] config:project:get-registries <-- Request received
params: {}
[2026-10-06T06:51:40.882Z][INFO] config:project:get-registries --> 200 (4 ms)
[2026-10-06T06:53:20.590Z][INFO] project:list-packages <-- Request received
params: {}
[2026-10-06T06:53:20.626Z][INFO] project:list-packages --> 200 (36 ms)
[2026-10-06T06:53:20.671Z][INFO] config:project:get-registries <-- Request received
params: {}
[2026-10-06T06:53:20.674Z][INFO] config:project:get-registries --> 200 (3 ms)
[2026-10-06T06:56:10.359Z][INFO] project:list-packages <-- Request received
params: {}
[2026-10-06T06:56:10.398Z][INFO] project:list-packages --> 200 (39 ms)
[2026-10-06T06:56:10.440Z][INFO] config:project:get-registries <-- Request received
params: {}
[2026-10-06T06:56:10.443Z][INFO] config:project:get-registries --> 200 (3 ms)
[2026-10-06T06:56:15.518Z][INFO] project:list-packages <-- Request received
params: {}
[2026-10-06T06:56:15.555Z][INFO] project:list-packages --> 200 (37 ms)
[2026-10-06T06:56:15.599Z][INFO] config:project:get-registries <-- Request received
params: {}
[2026-10-06T06:56:15.603Z][INFO] config:project:get-registries --> 200 (4 ms)
[2026-10-06T06:57:18.064Z][INFO] project:list-packages <-- Request received
params: {}
[2026-10-06T06:57:18.103Z][INFO] project:list-packages --> 200 (39 ms)
[2026-10-06T06:57:18.145Z][INFO] config:project:get-registries <-- Request received
params: {}
[2026-10-06T06:57:18.148Z][INFO] config:project:get-registries --> 200 (3 ms)
[2026-10-06T06:58:12.658Z][INFO] project:list-packages <-- Request received
params: {}
[2026-10-06T06:58:12.692Z][INFO] project:list-packages --> 200 (34 ms)
[2026-10-06T06:58:12.739Z][INFO] config:project:get-registries <-- Request received
params: {}
[2026-10-06T06:58:12.742Z][INFO] config:project:get-registries --> 200 (3 ms)
[2026-10-06T07:00:28.140Z][INFO] project:list-packages <-- Request received
params: {}
[2026-10-06T07:00:28.175Z][INFO] project:list-packages --> 200 (35 ms)
[2026-10-06T07:00:28.221Z][INFO] config:project:get-registries <-- Request received
params: {}
[2026-10-06T07:00:28.224Z][INFO] config:project:get-registries --> 200 (3 ms)
[2026-10-06T07:00:34.138Z][INFO] project:list-packages <-- Request received
params: {}
[2026-10-06T07:00:34.176Z][INFO] project:list-packages --> 200 (38 ms)
[2026-10-06T07:00:34.219Z][INFO] config:project:get-registries <-- Request received
params: {}
[2026-10-06T07:00:34.222Z][INFO] config:project:get-registries --> 200 (3 ms)
[2026-10-06T07:02:23.753Z][INFO] project:list-packages <-- Request received
params: {}
[2026-10-06T07:02:23.788Z][INFO] project:list-packages --> 200 (35 ms)
[2026-10-06T07:02:23.844Z][INFO] config:project:get-registries <-- Request received
params: {}
[2026-10-06T07:02:23.846Z][INFO] config:project:get-registries --> 200 (2 ms)
[2026-10-06T07:02:46.125Z][INFO] project:list-packages <-- Request received
params: {}
[2026-10-06T07:02:46.157Z][INFO] project:list-packages --> 200 (32 ms)
[2026-10-06T07:02:46.206Z][INFO] config:project:get-registries <-- Request received
params: {}
[2026-10-06T07:02:46.210Z][INFO] config:project:get-registries --> 200 (4 ms)
[2026-10-06T07:04:33.910Z][INFO] project:list-packages <-- Request received
params: {}
[2026-10-06T07:04:33.950Z][INFO] project:list-packages --> 200 (40 ms)
[2026-10-06T07:04:33.991Z][INFO] config:project:get-registries <-- Request received
params: {}
[2026-10-06T07:04:33.993Z][INFO] config:project:get-registries --> 200 (2 ms)
[2026-10-06T07:04:41.657Z][INFO] project:list-packages <-- Request received
params: {}
[2026-10-06T07:04:41.692Z][INFO] project:list-packages --> 200 (34 ms)
[2026-10-06T07:04:41.738Z][INFO] config:project:get-registries <-- Request received
params: {}
[2026-10-06T07:04:41.741Z][INFO] config:project:get-registries --> 200 (3 ms)
[2026-10-06T07:07:38.240Z][INFO] project:list-packages <-- Request received
params: {}
[2026-10-06T07:07:38.272Z][INFO] project:list-packages --> 200 (32 ms)
[2026-10-06T07:07:38.321Z][INFO] config:project:get-registries <-- Request received
params: {}
[2026-10-06T07:07:38.324Z][INFO] config:project:get-registries --> 200 (3 ms)
[2026-10-06T07:07:51.013Z][INFO] project:list-packages <-- Request received
params: {}
[2026-10-06T07:07:51.055Z][INFO] project:list-packages --> 200 (41 ms)
[2026-10-06T07:07:51.105Z][INFO] config:project:get-registries <-- Request received
params: {}
[2026-10-06T07:07:51.108Z][INFO] config:project:get-registries --> 200 (3 ms)
[2026-10-06T07:08:08.206Z][INFO] project:list-packages <-- Request received
params: {}
[2026-10-06T07:08:08.239Z][INFO] project:list-packages --> 200 (33 ms)
[2026-10-06T07:08:08.297Z][INFO] config:project:get-registries <-- Request received
params: {}
[2026-10-06T07:08:08.300Z][INFO] config:project:get-registries --> 200 (3 ms)
[2026-10-06T07:08:28.556Z][INFO] project:list-packages <-- Request received
params: {}
[2026-10-06T07:08:28.589Z][INFO] project:list-packages --> 200 (33 ms)
[2026-10-06T07:08:28.637Z][INFO] config:project:get-registries <-- Request received
params: {}
[2026-10-06T07:08:28.640Z][INFO] config:project:get-registries --> 200 (3 ms)
[2026-10-06T07:09:14.925Z][INFO] project:list-packages <-- Request received
params: {}
[2026-10-06T07:09:14.962Z][INFO] project:list-packages --> 200 (37 ms)
[2026-10-06T07:09:15.017Z][INFO] config:project:get-registries <-- Request received
params: {}
[2026-10-06T07:09:15.020Z][INFO] config:project:get-registries --> 200 (3 ms)
[2026-10-06T07:09:38.875Z][INFO] project:list-packages <-- Request received
params: {}
[2026-10-06T07:09:38.913Z][INFO] project:list-packages --> 200 (38 ms)
[2026-10-06T07:09:38.966Z][INFO] config:project:get-registries <-- Request received
params: {}
[2026-10-06T07:09:38.969Z][INFO] config:project:get-registries --> 200 (3 ms)
[2026-10-06T07:11:05.357Z][INFO] project:list-packages <-- Request received
params: {}
[2026-10-06T07:11:05.390Z][INFO] project:list-packages --> 200 (33 ms)
[2026-10-06T07:11:05.448Z][INFO] config:project:get-registries <-- Request received
params: {}
[2026-10-06T07:11:05.450Z][INFO] config:project:get-registries --> 200 (2 ms)
[2026-10-06T07:12:54.656Z][INFO] project:list-packages <-- Request received
params: {}
[2026-10-06T07:12:54.689Z][INFO] project:list-packages --> 200 (33 ms)
[2026-10-06T07:12:54.747Z][INFO] config:project:get-registries <-- Request received
params: {}
[2026-10-06T07:12:54.751Z][INFO] config:project:get-registries --> 200 (4 ms)
[2026-10-06T07:13:28.419Z][INFO] project:list-packages <-- Request received
params: {}
[2026-10-06T07:13:28.462Z][INFO] project:list-packages --> 200 (43 ms)
[2026-10-06T07:13:28.510Z][INFO] config:project:get-registries <-- Request received
params: {}
[2026-10-06T07:13:28.513Z][INFO] config:project:get-registries --> 200 (3 ms)
[2026-10-06T07:15:47.298Z][INFO] project:list-packages <-- Request received
params: {}
[2026-10-06T07:15:47.337Z][INFO] project:list-packages --> 200 (40 ms)
[2026-10-06T07:15:47.399Z][INFO] config:project:get-registries <-- Request received
params: {}
[2026-10-06T07:15:47.401Z][INFO] config:project:get-registries --> 200 (2 ms)
[2026-10-06T07:15:56.147Z][INFO] project:list-packages <-- Request received
params: {}
[2026-10-06T07:15:56.179Z][INFO] project:list-packages --> 200 (33 ms)
[2026-10-06T07:15:56.228Z][INFO] config:project:get-registries <-- Request received
params: {}
[2026-10-06T07:15:56.230Z][INFO] config:project:get-registries --> 200 (2 ms)
[2026-10-06T07:17:44.938Z][INFO] project:list-packages <-- Request received
params: {}
[2026-10-06T07:17:44.972Z][INFO] project:list-packages --> 200 (34 ms)
[2026-10-06T07:17:45.019Z][INFO] config:project:get-registries <-- Request received
params: {}
[2026-10-06T07:17:45.023Z][INFO] config:project:get-registries --> 200 (4 ms)
[2026-10-06T07:17:52.248Z][INFO] project:list-packages <-- Request received
params: {}
[2026-10-06T07:17:52.285Z][INFO] project:list-packages --> 200 (37 ms)
[2026-10-06T07:17:52.329Z][INFO] config:project:get-registries <-- Request received
params: {}
[2026-10-06T07:17:52.332Z][INFO] config:project:get-registries --> 200 (3 ms)
[2026-10-06T07:18:27.788Z][INFO] project:list-packages <-- Request received
params: {}
[2026-10-06T07:18:27.821Z][INFO] project:list-packages --> 200 (33 ms)
[2026-10-06T07:18:27.879Z][INFO] config:project:get-registries <-- Request received
params: {}
[2026-10-06T07:18:27.881Z][INFO] config:project:get-registries --> 200 (2 ms)
[2026-10-06T07:18:48.533Z][INFO] project:list-packages <-- Request received
params: {}
[2026-10-06T07:18:48.565Z][INFO] project:list-packages --> 200 (32 ms)
[2026-10-06T07:18:48.614Z][INFO] config:project:get-registries <-- Request received
params: {}
[2026-10-06T07:18:48.616Z][INFO] config:project:get-registries --> 200 (2 ms)
[2026-10-06T07:22:07.290Z][INFO] project:list-packages <-- Request received
params: {}
[2026-10-06T07:22:07.329Z][INFO] project:list-packages --> 200 (39 ms)
[2026-10-06T07:22:07.381Z][INFO] config:project:get-registries <-- Request received
params: {}
[2026-10-06T07:22:07.384Z][INFO] config:project:get-registries --> 200 (3 ms)
[2026-10-06T07:22:12.681Z][INFO] project:list-packages <-- Request received
params: {}
[2026-10-06T07:22:12.714Z][INFO] project:list-packages --> 200 (33 ms)
[2026-10-06T07:22:12.772Z][INFO] config:project:get-registries <-- Request received
params: {}
[2026-10-06T07:22:12.775Z][INFO] config:project:get-registries --> 200 (2 ms)
[2026-10-06T07:22:55.396Z][INFO] project:list-packages <-- Request received
params: {}
[2026-10-06T07:22:55.427Z][INFO] project:list-packages --> 200 (31 ms)
[2026-10-06T07:22:55.477Z][INFO] config:project:get-registries <-- Request received
params: {}
[2026-10-06T07:22:55.480Z][INFO] config:project:get-registries --> 200 (3 ms)
[2026-10-06T07:23:44.693Z][INFO] project:list-packages <-- Request received
params: {}
[2026-10-06T07:23:44.730Z][INFO] project:list-packages --> 200 (37 ms)
[2026-10-06T07:23:44.784Z][INFO] config:project:get-registries <-- Request received
params: {}
[2026-10-06T07:23:44.787Z][INFO] config:project:get-registries --> 200 (3 ms)
[2026-10-06T07:24:04.164Z][INFO] project:list-packages <-- Request received
params: {}
[2026-10-06T07:24:04.199Z][INFO] project:list-packages --> 200 (36 ms)
[2026-10-06T07:24:04.244Z][INFO] config:project:get-registries <-- Request received
params: {}
[2026-10-06T07:24:04.249Z][INFO] config:project:get-registries --> 200 (5 ms)
[2026-10-06T07:24:14.985Z][INFO] project:list-packages <-- Request received
params: {}
[2026-10-06T07:24:15.023Z][INFO] project:list-packages --> 200 (38 ms)
[2026-10-06T07:24:15.076Z][INFO] config:project:get-registries <-- Request received
params: {}
[2026-10-06T07:24:15.078Z][INFO] config:project:get-registries --> 200 (2 ms)
[2026-10-06T07:25:32.724Z][INFO] project:list-packages <-- Request received
params: {}
[2026-10-06T07:25:32.763Z][INFO] project:list-packages --> 200 (39 ms)
[2026-10-06T07:25:32.825Z][INFO] config:project:get-registries <-- Request received
params: {}
[2026-10-06T07:25:32.828Z][INFO] config:project:get-registries --> 200 (3 ms)
[2026-10-06T07:25:42.524Z][INFO] project:list-packages <-- Request received
params: {}
[2026-10-06T07:25:42.555Z][INFO] project:list-packages --> 200 (31 ms)
[2026-10-06T07:25:42.605Z][INFO] config:project:get-registries <-- Request received
params: {}
[2026-10-06T07:25:42.608Z][INFO] config:project:get-registries --> 200 (3 ms)
[2026-10-06T07:25:55.409Z][INFO] project:list-packages <-- Request received
params: {}
[2026-10-06T07:25:55.449Z][INFO] project:list-packages --> 200 (40 ms)
[2026-10-06T07:25:55.500Z][INFO] config:project:get-registries <-- Request received
params: {}
[2026-10-06T07:25:55.503Z][INFO] config:project:get-registries --> 200 (3 ms)
[2026-10-06T07:28:29.919Z][INFO] Received shutdown request (SIGINT), shutting down Unity Package Manager
